n/objeto_151.jpg
n/objeto_150.jpg
n/objeto_149.jpg
n/objeto_148.jpg
n/objeto_147.jpg
n/objeto_146.jpg
n/objeto_145.jpg
n/objeto_144.jpg
n/objeto_143.jpg
n/objeto_142.jpg
n/objeto_141.jpg
n/objeto_140.jpg
n/objeto_139.jpg
n/objeto_138.jpg
n/objeto_137.jpg
n/objeto_136.jpg
n/objeto_135.jpg
n/objeto_134.jpg
n/objeto_133.jpg
n/objeto_132.jpg
n/objeto_131.jpg
n/objeto_130.jpg
n/objeto_129.jpg
n/objeto_128.jpg
n/objeto_127.jpg
n/objeto_126.jpg
n/objeto_125.jpg
n/objeto_124.jpg
n/objeto_123.jpg
n/objeto_122.jpg
n/objeto_121.jpg
n/objeto_120.jpg
n/objeto_119.jpg
n/objeto_118.jpg
n/objeto_117.jpg
n/objeto_116.jpg
n/objeto_115.jpg
n/objeto_114.jpg
n/objeto_113.jpg
n/objeto_112.jpg
n/objeto_111.jpg
n/objeto_110.jpg
n/objeto_109.jpg
n/objeto_108.jpg
n/objeto_107.jpg
n/objeto_106.jpg
n/objeto_105.jpg
n/objeto_104.jpg
n/objeto_103.jpg
n/objeto_102.jpg
n/objeto_101.jpg
n/objeto_100.jpg
n/objeto_99.jpg
n/objeto_98.jpg
n/objeto_97.jpg
n/objeto_96.jpg
n/objeto_95.jpg
n/objeto_94.jpg
n/objeto_93.jpg
n/objeto_92.jpg
n/objeto_91.jpg
n/objeto_90.jpg
n/objeto_89.jpg
n/objeto_88.jpg
n/objeto_87.jpg
n/objeto_86.jpg
n/objeto_85.jpg
n/objeto_84.jpg
n/objeto_83.jpg
n/objeto_82.jpg
n/objeto_81.jpg
n/objeto_80.jpg
n/objeto_79.jpg
n/objeto_78.jpg
n/objeto_77.jpg
n/objeto_76.jpg
n/objeto_75.jpg
n/objeto_74.jpg
n/objeto_73.jpg
n/objeto_72.jpg
n/objeto_71.jpg
n/objeto_70.jpg
n/objeto_69.jpg
n/objeto_68.jpg
n/objeto_67.jpg
n/objeto_66.jpg
n/objeto_65.jpg
n/objeto_64.jpg
n/objeto_63.jpg
n/objeto_62.jpg
n/objeto_61.jpg
n/objeto_60.jpg
n/objeto_59.jpg
n/objeto_58.jpg
n/objeto_57.jpg
n/objeto_56.jpg
n/objeto_55.jpg